// Jest Snapshot v1, https://goo.gl/fbAQLP

exports[`<Shell /> should render the text 1`] = `
.c0 {
  background-color: #d4d4d4;
  height: 1000vh;
}

<div
  class="c0"
>
  <h1>
    SHELL
  </h1>
</div>
`
